18:04:23 **** Incremental Build of configuration Debug for project sdo_test_app ****
make all 
make --no-print-directory pre-build
a9-linaro-pre-build-step
' '
make --no-print-directory main-build
'Building file: ../src/helloworld.c'
'Invoking: ARM v7 gcc compiler'
arm-none-eabi-gcc -Wall -O0 -g3 -c -fmessage-length=0 -MT"src/helloworld.o" -mcpu=cortex-a9 -mfpu=vfpv3 -mfloat-abi=hard -IC:/Users/19165/Documents/Xilinx_Projects/SDO_LVDS/vitis_workspace/sdo_test_wrapper/export/sdo_test_wrapper/sw/sdo_test_wrapper/standalone_ps7_cortexa9_0/bspinclude/include -MMD -MP -MF"src/helloworld.d" -MT"src/helloworld.o" -o "src/helloworld.o" "../src/helloworld.c"
In file included from ../src/helloworld.c:25:
C:/Users/19165/Documents/Xilinx_Projects/SDO_LVDS/vitis_workspace/sdo_test_wrapper/export/sdo_test_wrapper/sw/sdo_test_wrapper/standalone_ps7_cortexa9_0/bspinclude/include/xbasic_types.h:102:2: warning: #warning The xbasics_type.h file is deprecated and users should use xil_types.h and xil_assert. [-Wcpp]
  102 | #warning  The xbasics_type.h file is deprecated and users should use xil_types.h and xil_assert.
      |  ^~~~~~~
C:/Users/19165/Documents/Xilinx_Projects/SDO_LVDS/vitis_workspace/sdo_test_wrapper/export/sdo_test_wrapper/sw/sdo_test_wrapper/standalone_ps7_cortexa9_0/bspinclude/include/xbasic_types.h:103:2: warning: #warning Please refer the Standalone BSP UG647 for further details [-Wcpp]
  103 | #warning  Please refer the Standalone BSP UG647 for further details
      |  ^~~~~~~
../src/helloworld.c: In function 'ReadUartBytes':
../src/helloworld.c:533:13: warning: unused variable 'toggle' [-Wunused-variable]
  533 |         int toggle;
      |             ^~~~~~
../src/helloworld.c: At top level:
../src/helloworld.c:111:13: warning: 'setQspiClk' declared 'static' but never defined [-Wunused-function]
  111 | static void setQspiClk(u8 clkState);
      |             ^~~~~~~~~~
../src/helloworld.c:782:6: warning: 'SetTimerDuration' defined but not used [-Wunused-function]
  782 | void SetTimerDuration(XInterval num10nsecCounts, u8 prescalar)
      |      ^~~~~~~~~~~~~~~~
../src/helloworld.c:689:6: warning: 'ChangeLvdsClkDivision' defined but not used [-Wunused-function]
  689 | void ChangeLvdsClkDivision(u8 divSetting)
      |      ^~~~~~~~~~~~~~~~~~~~~
'Finished building: ../src/helloworld.c'
' '
'Building file: ../src/platform.c'
'Invoking: ARM v7 gcc compiler'
arm-none-eabi-gcc -Wall -O0 -g3 -c -fmessage-length=0 -MT"src/platform.o" -mcpu=cortex-a9 -mfpu=vfpv3 -mfloat-abi=hard -IC:/Users/19165/Documents/Xilinx_Projects/SDO_LVDS/vitis_workspace/sdo_test_wrapper/export/sdo_test_wrapper/sw/sdo_test_wrapper/standalone_ps7_cortexa9_0/bspinclude/include -MMD -MP -MF"src/platform.d" -MT"src/platform.o" -o "src/platform.o" "../src/platform.c"
'Finished building: ../src/platform.c'
' '
'Building target: sdo_test_app.elf'
'Invoking: ARM v7 gcc linker'
arm-none-eabi-gcc -mcpu=cortex-a9 -mfpu=vfpv3 -mfloat-abi=hard -Wl,-build-id=none -specs=Xilinx.spec -Wl,-T -Wl,../src/lscript.ld -LC:/Users/19165/Documents/Xilinx_Projects/SDO_LVDS/vitis_workspace/sdo_test_wrapper/export/sdo_test_wrapper/sw/sdo_test_wrapper/standalone_ps7_cortexa9_0/bsplib/lib -o "sdo_test_app.elf"  ./src/helloworld.o ./src/platform.o   -Wl,--start-group,-lxil,-lgcc,-lc,--end-group
'Finished building target: sdo_test_app.elf'
' '
'Invoking: ARM v7 Print Size'
arm-none-eabi-size sdo_test_app.elf  |tee "sdo_test_app.elf.size"
   text	   data	    bss	    dec	    hex	filename
  47239	   2048	  22840	  72127	  119bf	sdo_test_app.elf
'Finished building: sdo_test_app.elf.size'
' '

18:04:24 Build Finished (took 1s.58ms)

